Microsoft (R) Macro Assembler Version 6.15.8803		    05/07/19 21:03:22
hm.asm							     Page 1 - 1




				include irvine32.inc
			      C ; Include file for Irvine32.lib             (Irvine32.inc)
			      C 
			      C INCLUDE SmallWin.inc		; MS-Windows prototypes, structures, and constants
			      C .NOLIST
			      C .LIST
			      C 
			      C .NOLIST
			      C .LIST
			      C 
				include macros.inc
			      C .NOLIST
			      C .LIST
			      C 
				INCLUDELIB user32.lib
				;includelib irvine32.lib

 = 00000050			BufSize = 80		; defining buffer size

 00000000			.data
 00000000  00000050 [			buffer BYTE BufSize DUP(?),0,0
	    00
	   ] 00 00
 00000052 00000000			stdInHandle DWORD ?
 00000056 00000000			bytesRead   DWORD ?

 00000000			.code 

 00000000			main PROC

 00000000  E8 00000000 E	    call ClrScr
				    mGotoxy 30, 8
 00000005  52		     1		push edx
 00000006  B6 08	     1	    mov  dh,8
 00000008  B2 1E	     1	    mov  dl,30
 0000000A  E8 00000000 E     1		call Gotoxy
 0000000F  5A		     1		pop  edx
				    mWrite "|------------------------------|"
 0000005A		     1		.data				
 0000005A 7C 2D 2D 2D 2D     1		??0000 BYTE "|------------------------------|",0		
	   2D 2D 2D 2D 2D
	   2D 2D 2D 2D 2D
	   2D 2D 2D 2D 2D
	   2D 2D 2D 2D 2D
	   2D 2D 2D 2D 2D
	   2D 7C 00
 00000010		     1		.code
 00000010  52		     1		push edx
 00000011  BA 0000005A R     1		mov  edx,OFFSET ??0000
 00000016  E8 00000000 E     1		call Writestring
 0000001B  5A		     1		pop  edx
				    mGotoxy 30, 9
 0000001C  52		     1		push edx
 0000001D  B6 09	     1	    mov  dh,9
 0000001F  B2 1E	     1	    mov  dl,30
 00000021  E8 00000000 E     1		call Gotoxy
 00000026  5A		     1		pop  edx
				    mWrite "| HM Text Editor                    |"
 0000007B		     1		.data				
 0000007B 7C 20 48 4D 20     1		??0001 BYTE "| HM Text Editor                    |",0		
	   54 65 78 74 20
	   45 64 69 74 6F
	   72 20 20 20 20
	   20 20 20 20 20
	   20 20 20 20 20
	   20 20 20 20 20
	   20 7C 00
 00000027		     1		.code
 00000027  52		     1		push edx
 00000028  BA 0000007B R     1		mov  edx,OFFSET ??0001
 0000002D  E8 00000000 E     1		call Writestring
 00000032  5A		     1		pop  edx
				    mGotoxy 30, 10
 00000033  52		     1		push edx
 00000034  B6 0A	     1	    mov  dh,10
 00000036  B2 1E	     1	    mov  dl,30
 00000038  E8 00000000 E     1		call Gotoxy
 0000003D  5A		     1		pop  edx
				    mWrite "| Developed by:                |"
 000000A1		     1		.data				
 000000A1 7C 20 44 65 76     1		??0002 BYTE "| Developed by:                |",0		
	   65 6C 6F 70 65
	   64 20 62 79 3A
	   20 20 20 20 20
	   20 20 20 20 20
	   20 20 20 20 20
	   20 7C 00
 0000003E		     1		.code
 0000003E  52		     1		push edx
 0000003F  BA 000000A1 R     1		mov  edx,OFFSET ??0002
 00000044  E8 00000000 E     1		call Writestring
 00000049  5A		     1		pop  edx
				    mGotoxy 30, 11
 0000004A  52		     1		push edx
 0000004B  B6 0B	     1	    mov  dh,11
 0000004D  B2 1E	     1	    mov  dl,30
 0000004F  E8 00000000 E     1		call Gotoxy
 00000054  5A		     1		pop  edx
				    mWrite "|                              |" 
 000000C2		     1		.data				
 000000C2 7C 20 20 20 20     1		??0003 BYTE "|                              |",0		
	   20 20 20 20 20
	   20 20 20 20 20
	   20 20 20 20 20
	   20 20 20 20 20
	   20 20 20 20 20
	   20 7C 00
 00000055		     1		.code
 00000055  52		     1		push edx
 00000056  BA 000000C2 R     1		mov  edx,OFFSET ??0003
 0000005B  E8 00000000 E     1		call Writestring
 00000060  5A		     1		pop  edx
				    mGotoxy 30, 12
 00000061  52		     1		push edx
 00000062  B6 0C	     1	    mov  dh,12
 00000064  B2 1E	     1	    mov  dl,30
 00000066  E8 00000000 E     1		call Gotoxy
 0000006B  5A		     1		pop  edx
				    mWrite "| M.Haris Noori P17-6003       |"
 000000E3		     1		.data				
 000000E3 7C 20 4D 2E 48     1		??0004 BYTE "| M.Haris Noori P17-6003       |",0		
	   61 72 69 73 20
	   4E 6F 6F 72 69
	   20 50 31 37 2D
	   36 30 30 33 20
	   20 20 20 20 20
	   20 7C 00
 0000006C		     1		.code
 0000006C  52		     1		push edx
 0000006D  BA 000000E3 R     1		mov  edx,OFFSET ??0004
 00000072  E8 00000000 E     1		call Writestring
 00000077  5A		     1		pop  edx
				    mGotoxy 30, 13
 00000078  52		     1		push edx
 00000079  B6 0D	     1	    mov  dh,13
 0000007B  B2 1E	     1	    mov  dl,30
 0000007D  E8 00000000 E     1		call Gotoxy
 00000082  5A		     1		pop  edx
				    mWrite "| Mubeen Ghauri P17-6107       |"
 00000104		     1		.data				
 00000104 7C 20 4D 75 62     1		??0005 BYTE "| Mubeen Ghauri P17-6107       |",0		
	   65 65 6E 20 47
	   68 61 75 72 69
	   20 50 31 37 2D
	   36 31 30 37 20
	   20 20 20 20 20
	   20 7C 00
 00000083		     1		.code
 00000083  52		     1		push edx
 00000084  BA 00000104 R     1		mov  edx,OFFSET ??0005
 00000089  E8 00000000 E     1		call Writestring
 0000008E  5A		     1		pop  edx
				    mGotoxy 30, 14
 0000008F  52		     1		push edx
 00000090  B6 0E	     1	    mov  dh,14
 00000092  B2 1E	     1	    mov  dl,30
 00000094  E8 00000000 E     1		call Gotoxy
 00000099  5A		     1		pop  edx
				    mWrite "|------------------------------|"
 00000125		     1		.data				
 00000125 7C 2D 2D 2D 2D     1		??0006 BYTE "|------------------------------|",0		
	   2D 2D 2D 2D 2D
	   2D 2D 2D 2D 2D
	   2D 2D 2D 2D 2D
	   2D 2D 2D 2D 2D
	   2D 2D 2D 2D 2D
	   2D 7C 00
 0000009A		     1		.code
 0000009A  52		     1		push edx
 0000009B  BA 00000125 R     1		mov  edx,OFFSET ??0006
 000000A0  E8 00000000 E     1		call Writestring
 000000A5  5A		     1		pop  edx
				    mGotoxy 50, 20
 000000A6  52		     1		push edx
 000000A7  B6 14	     1	    mov  dh,20
 000000A9  B2 32	     1	    mov  dl,50
 000000AB  E8 00000000 E     1		call Gotoxy
 000000B0  5A		     1		pop  edx

 000000B1  E8 00000000 E	    call WaitMsg
 000000B6  E8 00000000 E	    call ClrScr

 000000BB  E8 0000000C		    call initTextArea
 000000C0  E8 0000002A		    call GetInput

				exit

 000000CC			main endp

 000000CC			initTextArea PROC 

					mGotoxy 30, 2
 000000CC  52		     1		push edx
 000000CD  B6 02	     1	    mov  dh,2
 000000CF  B2 1E	     1	    mov  dl,30
 000000D1  E8 00000000 E     1		call Gotoxy
 000000D6  5A		     1		pop  edx
					mWrite "Start Entering Text !!!"
 00000146		     1		.data				
 00000146 53 74 61 72 74     1		??0007 BYTE "Start Entering Text !!!",0		
	   20 45 6E 74 65
	   72 69 6E 67 20
	   54 65 78 74 20
	   21 21 21 00
 000000D7		     1		.code
 000000D7  52		     1		push edx
 000000D8  BA 00000146 R     1		mov  edx,OFFSET ??0007
 000000DD  E8 00000000 E     1		call Writestring
 000000E2  5A		     1		pop  edx
					mGotoxy 0, 5
 000000E3  52		     1		push edx
 000000E4  B6 05	     1	    mov  dh,5
 000000E6  B2 00	     1	    mov  dl,0
 000000E8  E8 00000000 E     1		call Gotoxy
 000000ED  5A		     1		pop  edx

 000000EE  C3				ret

 000000EF			initTextArea ENDP

				; GetKeyInput PROC 

				; 	; Taking input using readkey

				; 	mov ecx, BufSize
				; 	mov ebx, 0

				; 	getInput:

				; 		;call readkey
				; 		jz nextKey

				; 		mov buffer[ebx], al
				; 		call writechar
				; 		call crlf


				; 		nextKey:


				; 	loop getInput

				; GetKeyInput ENDP

 000000EF			GetInput PROC

					; Get handle to standard input
					INVOKE GetStdHandle, STD_INPUT_HANDLE
 000000F6  A3 00000052 R		mov stdInHandle,eax

					; Wait for user input
					INVOKE ReadConsole, stdInHandle, ADDR buffer,
					  BufSize, ADDR bytesRead, 0

					; Display the buffer
					;mov  esi,OFFSET buffer
					;mov  ecx,16	; 16 bytes
					;mov  ebx,TYPE buffer
					;call DumpMem


					;printing buffer

 00000114  E8 00000000 E		call crlf 
 00000119  E8 00000000 E		call crlf

 0000011E  BA 00000000 R		mov edx, offset buffer
 00000123  E8 00000000 E		call writestring
 00000128  E8 00000000 E		call crlf
 0000012D  A1 00000056 R		mov eax, bytesRead
 00000132  E8 00000000 E		call writedec

 00000137  C3				ret
 00000138			GetInput ENDP

				end main
Microsoft (R) Macro Assembler Version 6.15.8803		    05/07/19 21:03:22
hm.asm							     Symbols 2 - 1




Macros:

                N a m e                 Type

IsDefined  . . . . . . . . . . .	Func
NewLine  . . . . . . . . . . . .	Proc
ShowFlag . . . . . . . . . . . .	Proc
ShowRegister . . . . . . . . . .	Proc
Startup  . . . . . . . . . . . .	Proc
WriteSpace . . . . . . . . . . .	Proc
mDumpMem . . . . . . . . . . . .	Proc
mGotoxy  . . . . . . . . . . . .	Proc
mNewLine . . . . . . . . . . . .	Proc
mReadStr . . . . . . . . . . . .	Proc
mWriteLn . . . . . . . . . . . .	Proc
mWriteStr  . . . . . . . . . . .	Proc
mWrite . . . . . . . . . . . . .	Proc


Structures and Unions:

                N a m e                  Size
                                         Offset      Type

CONSOLE_CURSOR_INFO  . . . . . .	 00000005
  dwSize . . . . . . . . . . . .	 00000000	 DWord
  bVisible . . . . . . . . . . .	 00000004	 Byte
CONSOLE_SCREEN_BUFFER_INFO . . .	 00000016
  dwSize . . . . . . . . . . . .	 00000000	 DWord
  dwCursorPos  . . . . . . . . .	 00000004	 DWord
  wAttributes  . . . . . . . . .	 00000008	 Word
  srWindow . . . . . . . . . . .	 0000000A	 QWord
  maxWinSize . . . . . . . . . .	 00000012	 DWord
COORD  . . . . . . . . . . . . .	 00000004
  X  . . . . . . . . . . . . . .	 00000000	 Word
  Y  . . . . . . . . . . . . . .	 00000002	 Word
FILETIME . . . . . . . . . . . .	 00000008
  loDateTime . . . . . . . . . .	 00000000	 DWord
  hiDateTime . . . . . . . . . .	 00000004	 DWord
SMALL_RECT . . . . . . . . . . .	 00000008
  Left . . . . . . . . . . . . .	 00000000	 Word
  Top  . . . . . . . . . . . . .	 00000002	 Word
  Right  . . . . . . . . . . . .	 00000004	 Word
  Bottom . . . . . . . . . . . .	 00000006	 Word
SYSTEMTIME . . . . . . . . . . .	 00000010
  wYear  . . . . . . . . . . . .	 00000000	 Word
  wMonth . . . . . . . . . . . .	 00000002	 Word
  wDayOfWeek . . . . . . . . . .	 00000004	 Word
  wDay . . . . . . . . . . . . .	 00000006	 Word
  wHour  . . . . . . . . . . . .	 00000008	 Word
  wMinute  . . . . . . . . . . .	 0000000A	 Word
  wSecond  . . . . . . . . . . .	 0000000C	 Word
  wMilliseconds  . . . . . . . .	 0000000E	 Word


Segments and Groups:

                N a m e                 Size     Length   Align   Combine Class

FLAT . . . . . . . . . . . . . .	GROUP
STACK  . . . . . . . . . . . . .	32 Bit	 00001000 DWord	  Stack	  'STACK'	 
_DATA  . . . . . . . . . . . . .	32 Bit	 0000015E DWord	  Public  'DATA'	
_TEXT  . . . . . . . . . . . . .	32 Bit	 00000138 DWord	  Public  'CODE'	


Procedures,  parameters and locals:

                N a m e                 Type     Value    Attr

CloseHandle  . . . . . . . . . .	P Near	 00000000 FLAT	Length= 00000000 External STDCALL
ClrScr . . . . . . . . . . . . .	P Near	 00000000 FLAT	Length= 00000000 External STDCALL
CreateFileA  . . . . . . . . . .	P Near	 00000000 FLAT	Length= 00000000 External STDCALL
Crlf . . . . . . . . . . . . . .	P Near	 00000000 FLAT	Length= 00000000 External STDCALL
Delay  . . . . . . . . . . . . .	P Near	 00000000 FLAT	Length= 00000000 External STDCALL
DumpMem  . . . . . . . . . . . .	P Near	 00000000 FLAT	Length= 00000000 External STDCALL
DumpRegs . . . . . . . . . . . .	P Near	 00000000 FLAT	Length= 00000000 External STDCALL
ExitProcess  . . . . . . . . . .	P Near	 00000000 FLAT	Length= 00000000 External STDCALL
FlushConsoleInputBuffer  . . . .	P Near	 00000000 FLAT	Length= 00000000 External STDCALL
GetCommandTail . . . . . . . . .	P Near	 00000000 FLAT	Length= 00000000 External STDCALL
GetConsoleCP . . . . . . . . . .	P Near	 00000000 FLAT	Length= 00000000 External STDCALL
GetConsoleCursorInfo . . . . . .	P Near	 00000000 FLAT	Length= 00000000 External STDCALL
GetConsoleMode . . . . . . . . .	P Near	 00000000 FLAT	Length= 00000000 External STDCALL
GetConsoleScreenBufferInfo . . .	P Near	 00000000 FLAT	Length= 00000000 External STDCALL
GetDateTime  . . . . . . . . . .	P Near	 00000000 FLAT	Length= 00000000 External STDCALL
GetInput . . . . . . . . . . . .	P Near	 000000EF _TEXT	Length= 00000049 Public STDCALL
GetLocalTime . . . . . . . . . .	P Near	 00000000 FLAT	Length= 00000000 External STDCALL
GetMseconds  . . . . . . . . . .	P Near	 00000000 FLAT	Length= 00000000 External STDCALL
GetNumberOfConsoleInputEvents  .	P Near	 00000000 FLAT	Length= 00000000 External STDCALL
GetStdHandle . . . . . . . . . .	P Near	 00000000 FLAT	Length= 00000000 External STDCALL
GetSystemTime  . . . . . . . . .	P Near	 00000000 FLAT	Length= 00000000 External STDCALL
GetTickCount . . . . . . . . . .	P Near	 00000000 FLAT	Length= 00000000 External STDCALL
Gotoxy . . . . . . . . . . . . .	P Near	 00000000 FLAT	Length= 00000000 External STDCALL
IsDigit  . . . . . . . . . . . .	P Near	 00000000 FLAT	Length= 00000000 External STDCALL
PeekConsoleInputA  . . . . . . .	P Near	 00000000 FLAT	Length= 00000000 External STDCALL
Random32 . . . . . . . . . . . .	P Near	 00000000 FLAT	Length= 00000000 External STDCALL
RandomRange  . . . . . . . . . .	P Near	 00000000 FLAT	Length= 00000000 External STDCALL
Randomize  . . . . . . . . . . .	P Near	 00000000 FLAT	Length= 00000000 External STDCALL
ReadChar . . . . . . . . . . . .	P Near	 00000000 FLAT	Length= 00000000 External STDCALL
ReadConsoleA . . . . . . . . . .	P Near	 00000000 FLAT	Length= 00000000 External STDCALL
ReadConsoleInputA  . . . . . . .	P Near	 00000000 FLAT	Length= 00000000 External STDCALL
ReadFile . . . . . . . . . . . .	P Near	 00000000 FLAT	Length= 00000000 External STDCALL
ReadHex  . . . . . . . . . . . .	P Near	 00000000 FLAT	Length= 00000000 External STDCALL
ReadInt  . . . . . . . . . . . .	P Near	 00000000 FLAT	Length= 00000000 External STDCALL
ReadString . . . . . . . . . . .	P Near	 00000000 FLAT	Length= 00000000 External STDCALL
SetConsoleCursorInfo . . . . . .	P Near	 00000000 FLAT	Length= 00000000 External STDCALL
SetConsoleCursorPosition . . . .	P Near	 00000000 FLAT	Length= 00000000 External STDCALL
SetConsoleMode . . . . . . . . .	P Near	 00000000 FLAT	Length= 00000000 External STDCALL
SetConsoleScreenBufferSize . . .	P Near	 00000000 FLAT	Length= 00000000 External STDCALL
SetConsoleTextAttribute  . . . .	P Near	 00000000 FLAT	Length= 00000000 External STDCALL
SetConsoleTitleA . . . . . . . .	P Near	 00000000 FLAT	Length= 00000000 External STDCALL
SetConsoleWindowInfo . . . . . .	P Near	 00000000 FLAT	Length= 00000000 External STDCALL
SetFilePointer . . . . . . . . .	P Near	 00000000 FLAT	Length= 00000000 External STDCALL
SetTextColor . . . . . . . . . .	P Near	 00000000 FLAT	Length= 00000000 External STDCALL
Sleep  . . . . . . . . . . . . .	P Near	 00000000 FLAT	Length= 00000000 External STDCALL
Str_compare  . . . . . . . . . .	P Near	 00000000 FLAT	Length= 00000000 External STDCALL
Str_copy . . . . . . . . . . . .	P Near	 00000000 FLAT	Length= 00000000 External STDCALL
Str_length . . . . . . . . . . .	P Near	 00000000 FLAT	Length= 00000000 External STDCALL
Str_trim . . . . . . . . . . . .	P Near	 00000000 FLAT	Length= 00000000 External STDCALL
Str_ucase  . . . . . . . . . . .	P Near	 00000000 FLAT	Length= 00000000 External STDCALL
SystemTimeToFileTime . . . . . .	P Near	 00000000 FLAT	Length= 00000000 External STDCALL
WaitMsg  . . . . . . . . . . . .	P Near	 00000000 FLAT	Length= 00000000 External STDCALL
WriteBin . . . . . . . . . . . .	P Near	 00000000 FLAT	Length= 00000000 External STDCALL
WriteChar  . . . . . . . . . . .	P Near	 00000000 FLAT	Length= 00000000 External STDCALL
WriteConsoleA  . . . . . . . . .	P Near	 00000000 FLAT	Length= 00000000 External STDCALL
WriteConsoleOutputAttribute  . .	P Near	 00000000 FLAT	Length= 00000000 External STDCALL
WriteConsoleOutputCharacterA . .	P Near	 00000000 FLAT	Length= 00000000 External STDCALL
WriteDec . . . . . . . . . . . .	P Near	 00000000 FLAT	Length= 00000000 External STDCALL
WriteFile  . . . . . . . . . . .	P Near	 00000000 FLAT	Length= 00000000 External STDCALL
WriteHex . . . . . . . . . . . .	P Near	 00000000 FLAT	Length= 00000000 External STDCALL
WriteInt . . . . . . . . . . . .	P Near	 00000000 FLAT	Length= 00000000 External STDCALL
WriteString  . . . . . . . . . .	P Near	 00000000 FLAT	Length= 00000000 External STDCALL
initTextArea . . . . . . . . . .	P Near	 000000CC _TEXT	Length= 00000023 Public STDCALL
main . . . . . . . . . . . . . .	P Near	 00000000 _TEXT	Length= 000000CC Public STDCALL


Symbols:

                N a m e                 Type     Value    Attr

??0000 . . . . . . . . . . . . .	Byte	 0000005A _DATA	
??0001 . . . . . . . . . . . . .	Byte	 0000007B _DATA	
??0002 . . . . . . . . . . . . .	Byte	 000000A1 _DATA	
??0003 . . . . . . . . . . . . .	Byte	 000000C2 _DATA	
??0004 . . . . . . . . . . . . .	Byte	 000000E3 _DATA	
??0005 . . . . . . . . . . . . .	Byte	 00000104 _DATA	
??0006 . . . . . . . . . . . . .	Byte	 00000125 _DATA	
??0007 . . . . . . . . . . . . .	Byte	 00000146 _DATA	
@CodeSize  . . . . . . . . . . .	Number	 00000000h   
@DataSize  . . . . . . . . . . .	Number	 00000000h   
@Interface . . . . . . . . . . .	Number	 00000003h   
@Model . . . . . . . . . . . . .	Number	 00000007h   
@code  . . . . . . . . . . . . .	Text   	 _TEXT
@data  . . . . . . . . . . . . .	Text   	 FLAT
@fardata?  . . . . . . . . . . .	Text   	 FLAT
@fardata . . . . . . . . . . . .	Text   	 FLAT
@stack . . . . . . . . . . . . .	Text   	 FLAT
BufSize  . . . . . . . . . . . .	Number	 00000050h   
CREATE_ALWAYS  . . . . . . . . .	Number	 00000002h   
CREATE_NEW . . . . . . . . . . .	Number	 00000001h   
CreateFile . . . . . . . . . . .	Text   	 CreateFileA
DO_NOT_SHARE . . . . . . . . . .	Number	 00000000h   
ENABLE_ECHO_INPUT  . . . . . . .	Number	 00000004h   
ENABLE_LINE_INPUT  . . . . . . .	Number	 00000002h   
ENABLE_MOUSE_INPUT . . . . . . .	Number	 00000010h   
ENABLE_PROCESSED_INPUT . . . . .	Number	 00000001h   
ENABLE_PROCESSED_OUTPUT  . . . .	Number	 00000001h   
ENABLE_WINDOW_INPUT  . . . . . .	Number	 00000008h   
ENABLE_WRAP_AT_EOL_OUTPUT  . . .	Number	 00000002h   
FALSE  . . . . . . . . . . . . .	Number	 00000000h   
FILE_APPEND_DATA . . . . . . . .	Number	 00000004h   
FILE_ATTRIBUTE_ARCHIVE . . . . .	Number	 00000020h   
FILE_ATTRIBUTE_COMPRESSED  . . .	Number	 00000800h   
FILE_ATTRIBUTE_DEVICE  . . . . .	Number	 00000040h   
FILE_ATTRIBUTE_DIRECTORY . . . .	Number	 00000010h   
FILE_ATTRIBUTE_ENCRYPTED . . . .	Number	 00004000h   
FILE_ATTRIBUTE_HIDDEN  . . . . .	Number	 00000002h   
FILE_ATTRIBUTE_NORMAL  . . . . .	Number	 00000080h   
FILE_ATTRIBUTE_NOT_CONTENT_INDEXED .	Number	 00002000h   
FILE_ATTRIBUTE_OFFLINE . . . . .	Number	 00001000h   
FILE_ATTRIBUTE_READONLY  . . . .	Number	 00000001h   
FILE_ATTRIBUTE_REPARSE_POINT . .	Number	 00000400h   
FILE_ATTRIBUTE_SPARSE_FILE . . .	Number	 00000200h   
FILE_ATTRIBUTE_SYSTEM  . . . . .	Number	 00000004h   
FILE_ATTRIBUTE_TEMPORARY . . . .	Number	 00000100h   
FILE_BEGIN . . . . . . . . . . .	Number	 00000000h   
FILE_CURRENT . . . . . . . . . .	Number	 00000001h   
FILE_DELETE_CHILD  . . . . . . .	Number	 00000040h   
FILE_END . . . . . . . . . . . .	Number	 00000002h   
FILE_READ_DATA . . . . . . . . .	Number	 00000001h   
FILE_SHARE_DELETE  . . . . . . .	Number	 00000004h   
FILE_SHARE_READ  . . . . . . . .	Number	 00000001h   
FILE_SHARE_WRITE . . . . . . . .	Number	 00000002h   
FILE_WRITE_DATA  . . . . . . . .	Number	 00000002h   
FOCUS_EVENT  . . . . . . . . . .	Number	 00000010h   
GENERIC_ALL  . . . . . . . . . .	Number	 10000000h   
GENERIC_EXECUTE  . . . . . . . .	Number	 20000000h   
GENERIC_READ . . . . . . . . . .	Number	 -80000000h   
GENERIC_WRITE  . . . . . . . . .	Number	 40000000h   
INVALID_HANDLE_VALUE . . . . . .	Number	 -00000001h   
KEY_EVENT  . . . . . . . . . . .	Number	 00000001h   
MENU_EVENT . . . . . . . . . . .	Number	 00000008h   
MOUSE_EVENT  . . . . . . . . . .	Number	 00000002h   
NULL . . . . . . . . . . . . . .	Number	 00000000h   
OPEN_ALWAYS  . . . . . . . . . .	Number	 00000004h   
OPEN_EXISTING  . . . . . . . . .	Number	 00000003h   
PeekConsoleInput . . . . . . . .	Text   	 PeekConsoleInputA
ReadConsoleInput . . . . . . . .	Text   	 ReadConsoleInputA
ReadConsole  . . . . . . . . . .	Text   	 ReadConsoleA
STD_INPUT_HANDLE . . . . . . . .	Number	 -0000000Ah   
STD_OUTPUT_HANDLE  . . . . . . .	Number	 -0000000Bh   
SetConsoleTitle  . . . . . . . .	Text   	 SetConsoleTitleA
TRUE . . . . . . . . . . . . . .	Number	 00000001h   
TRUNCATE_EXISTING  . . . . . . .	Number	 00000005h   
WINDOW_BUFFER_SIZE_EVENT . . . .	Number	 00000004h   
WriteConsoleOutputCharacter  . .	Text   	 WriteConsoleOutputCharacterA
WriteConsole . . . . . . . . . .	Text   	 WriteConsoleA
black  . . . . . . . . . . . . .	Number	 00000000h   
blue . . . . . . . . . . . . . .	Number	 00000001h   
brown  . . . . . . . . . . . . .	Number	 00000006h   
buffer . . . . . . . . . . . . .	Byte	 00000000 _DATA	
bytesRead  . . . . . . . . . . .	DWord	 00000056 _DATA	
cyan . . . . . . . . . . . . . .	Number	 00000003h   
exit . . . . . . . . . . . . . .	Text   	 INVOKE ExitProcess,0
gray . . . . . . . . . . . . . .	Number	 00000008h   
green  . . . . . . . . . . . . .	Number	 00000002h   
lightBlue  . . . . . . . . . . .	Number	 00000009h   
lightCyan  . . . . . . . . . . .	Number	 0000000Bh   
lightGray  . . . . . . . . . . .	Number	 00000007h   
lightGreen . . . . . . . . . . .	Number	 0000000Ah   
lightMagenta . . . . . . . . . .	Number	 0000000Dh   
lightRed . . . . . . . . . . . .	Number	 0000000Ch   
magenta  . . . . . . . . . . . .	Number	 00000005h   
red  . . . . . . . . . . . . . .	Number	 00000004h   
stdInHandle  . . . . . . . . . .	DWord	 00000052 _DATA	
white  . . . . . . . . . . . . .	Number	 0000000Fh   
yellow . . . . . . . . . . . . .	Number	 0000000Eh   

	   0 Warnings
	   0 Errors
